
> my-tutor-website@0.1.0 prebuild
> npm run tokens:build


> my-tutor-website@0.1.0 tokens:build
> style-dictionary build --config src/design-tokens/config.json


Token collisions detected (8):
Use log.verbosity "verbose" or use CLI option --verbose for more details.
Refer to: https://styledictionary.com/reference/logging/

Unknown CSS Font Shorthand properties found for 6 tokens, CSS output for Font values will be missing some typography token properties as a result:
Use log.verbosity "verbose" or use CLI option --verbose for more details.
Refer to: https://styledictionary.com/reference/logging/


json
✔︎ src/design-tokens/generated/tokens.json

Unknown CSS Font Shorthand properties found for 2 tokens, CSS output for Font values will be missing some typography token properties as a result:
Use log.verbosity "verbose" or use CLI option --verbose for more details.
Refer to: https://styledictionary.com/reference/logging/


js
✔︎ src/design-tokens/generated/tokens.js

typescript
✔︎ src/design-tokens/generated/tokens.ts
✔︎ src/design-tokens/generated/types.d.ts

tailwind
✔︎ ./tailwind.config.tokens.js

css
✔︎ src/styles/tokens/variables.css

> my-tutor-website@0.1.0 build
> next build

   ▲ Next.js 15.3.4
   - Environments: .env.local, .env.production
   - Experiments (use with caution):
     ✓ optimizeCss
     ✓ scrollRestoration
     ✓ webpackBuildWorker
     ✓ webpackMemoryOptimizations

   Creating an optimized production build ...
   Using tsconfig file: ./tsconfig.production.json
   Using tsconfig file: ./tsconfig.production.json
   Using tsconfig file: ./tsconfig.production.json
Failed to compile.

./src/app/globals.css
Module not found: Can't resolve '../design-tokens/generated/variables.css'

https://nextjs.org/docs/messages/module-not-found

Import trace for requested module:
./src/app/globals.css

./src/app/globals.css
Error: Can't resolve '../design-tokens/generated/variables.css'
    at finishWithoutResolve (/home/jack/Documents/my_private_tutor_online/node_modules/next/dist/compiled/webpack/bundle5.js:1:191837)
    at /home/jack/Documents/my_private_tutor_online/node_modules/next/dist/compiled/webpack/bundle5.js:1:192737
    at /home/jack/Documents/my_private_tutor_online/node_modules/next/dist/compiled/webpack/bundle5.js:1:193370
    at eval (eval at create (/home/jack/Documents/my_private_tutor_online/node_modules/next/dist/compiled/webpack/bundle5.js:14:9224), <anonymous>:16:1)
    at /home/jack/Documents/my_private_tutor_online/node_modules/next/dist/compiled/webpack/bundle5.js:1:193370
    at eval (eval at create (/home/jack/Documents/my_private_tutor_online/node_modules/next/dist/compiled/webpack/bundle5.js:14:9224), <anonymous>:27:1)
    at /home/jack/Documents/my_private_tutor_online/node_modules/next/dist/compiled/webpack/bundle5.js:1:175252
    at /home/jack/Documents/my_private_tutor_online/node_modules/next/dist/compiled/webpack/bundle5.js:1:193370
    at eval (eval at create (/home/jack/Documents/my_private_tutor_online/node_modules/next/dist/compiled/webpack/bundle5.js:14:9224), <anonymous>:16:1)
    at /home/jack/Documents/my_private_tutor_online/node_modules/next/dist/compiled/webpack/bundle5.js:1:208998

https://nextjs.org/docs/messages/module-not-found


> Build failed because of webpack errors
